// Jest Snapshot v1, https://goo.gl/fbAQLP

exports[`Unit Testing Upcoming Matches should match snapshot 1`] = `
{
  "asFragment": [Function],
  "baseElement": <body>
    <div>
      <div
        class="bg-dark-slate-green m-5 p-5 border-2 border-gray-700 overflow-scroll h-[90vh] rounded-lg"
      >
        <div
          class="upcomingMatches"
        >
          <h2
            class="text-xl font-bold text-white bg-dark-slate-green p-2 px-4 sticky top-0 z-10"
          >
            UPCOMING MATCHES
          </h2>
          <div
            class="flex flex-col"
            id="wrapper"
          >
            <div
              class="flex justify-between"
              id="header-wrapper"
            >
              <div
                class="font-extrabold text-white"
              >
                Name
              </div>
              <div
                class="font-extrabold text-white"
              >
                W/L
              </div>
            </div>
            <div
              class="flex flex-col"
              id="matches"
            />
          </div>
        </div>
      </div>
    </div>
  </body>,
  "container": <div>
    <div
      class="bg-dark-slate-green m-5 p-5 border-2 border-gray-700 overflow-scroll h-[90vh] rounded-lg"
    >
      <div
        class="upcomingMatches"
      >
        <h2
          class="text-xl font-bold text-white bg-dark-slate-green p-2 px-4 sticky top-0 z-10"
        >
          UPCOMING MATCHES
        </h2>
        <div
          class="flex flex-col"
          id="wrapper"
        >
          <div
            class="flex justify-between"
            id="header-wrapper"
          >
            <div
              class="font-extrabold text-white"
            >
              Name
            </div>
            <div
              class="font-extrabold text-white"
            >
              W/L
            </div>
          </div>
          <div
            class="flex flex-col"
            id="matches"
          />
        </div>
      </div>
    </div>
  </div>,
  "debug": [Function],
  "findAllByAltText": [Function],
  "findAllByDisplayValue": [Function],
  "findAllByLabelText": [Function],
  "findAllByPlaceholderText": [Function],
  "findAllByRole": [Function],
  "findAllByTestId": [Function],
  "findAllByText": [Function],
  "findAllByTitle": [Function],
  "findByAltText": [Function],
  "findByDisplayValue": [Function],
  "findByLabelText": [Function],
  "findByPlaceholderText": [Function],
  "findByRole": [Function],
  "findByTestId": [Function],
  "findByText": [Function],
  "findByTitle": [Function],
  "getAllByAltText": [Function],
  "getAllByDisplayValue": [Function],
  "getAllByLabelText": [Function],
  "getAllByPlaceholderText": [Function],
  "getAllByRole": [Function],
  "getAllByTestId": [Function],
  "getAllByText": [Function],
  "getAllByTitle": [Function],
  "getByAltText": [Function],
  "getByDisplayValue": [Function],
  "getByLabelText": [Function],
  "getByPlaceholderText": [Function],
  "getByRole": [Function],
  "getByTestId": [Function],
  "getByText": [Function],
  "getByTitle": [Function],
  "queryAllByAltText": [Function],
  "queryAllByDisplayValue": [Function],
  "queryAllByLabelText": [Function],
  "queryAllByPlaceholderText": [Function],
  "queryAllByRole": [Function],
  "queryAllByTestId": [Function],
  "queryAllByText": [Function],
  "queryAllByTitle": [Function],
  "queryByAltText": [Function],
  "queryByDisplayValue": [Function],
  "queryByLabelText": [Function],
  "queryByPlaceholderText": [Function],
  "queryByRole": [Function],
  "queryByTestId": [Function],
  "queryByText": [Function],
  "queryByTitle": [Function],
  "rerender": [Function],
  "unmount": [Function],
}
`;
